// Vitest Snapshot v1, https://vitest.dev/guide/snapshot.html

exports[`API Request resource > downloads binary responses into a binary field 1`] = `
{
  "output": [
    {
      "binary": {
        "downloaded": {
          "data": "ZGZpci1pcmlzLXRlc3QtYmluYXJ5",
          "fileName": "qa.bin",
          "fileSize": "21",
          "mimeType": "application/octet-stream",
        },
      },
      "json": {
        "headers": {
          "content-disposition": "attachment; filename="qa.bin"",
          "content-type": "application/octet-stream",
        },
        "method": "GET",
        "path": "case/export",
        "statusCode": 200,
      },
    },
  ],
  "requests": [
    {
      "body": "[binary-response]",
      "credentialType": "dfirIrisApi",
      "headers": {
        "content-type": "application/json",
      },
      "json": false,
      "method": "GET",
      "path": "case/export",
      "qs": {},
      "rejectUnauthorized": false,
      "returnFullResponse": true,
      "skipSslCertificateValidation": true,
    },
  ],
}
`;

exports[`API Request resource > sends JSON requests and unwraps response data by default 1`] = `
{
  "output": [
    {
      "json": "pong",
    },
  ],
  "requests": [
    {
      "body": {
        "qa": true,
      },
      "credentialType": "dfirIrisApi",
      "headers": {
        "content-type": "application/json",
        "x-trace-id": "trace-1",
      },
      "json": true,
      "method": "POST",
      "path": "api/ping",
      "qs": {
        "page": 2,
      },
      "rejectUnauthorized": false,
      "returnFullResponse": false,
      "skipSslCertificateValidation": true,
    },
  ],
}
`;

exports[`API Request resource > uploads binary data as multipart form-data 1`] = `
{
  "body": [
    {
      "fileName": "qa.txt",
      "key": "file_content",
      "size": 21,
      "type": "binary",
    },
    {
      "key": "cid",
      "type": "string",
      "value": "1",
    },
    {
      "key": "file_description",
      "type": "string",
      "value": "QA file",
    },
  ],
  "credentialType": "dfirIrisApi",
  "headers": {},
  "json": false,
  "method": "POST",
  "path": "datastore/file/add/1",
  "qs": {},
  "rejectUnauthorized": false,
  "returnFullResponse": false,
  "skipSslCertificateValidation": true,
}
`;
